src/agent/loop.ts(289,99): error TS2345: Argument of type 'RateLimitOutcome' is not assignable to parameter of type '{ allowed: false; retryAfterMs: number; tokens: number; }'.
  Property 'retryAfterMs' is missing in type '{ allowed: true; warning?: string; tokens: number; }' but required in type '{ allowed: false; retryAfterMs: number; tokens: number; }'.
src/db/database.ts(489,16): error TS2352: Conversion of type 'Record<string, SQLOutputValue>' to type 'Agent' may be a mistake because neither type sufficiently overlaps with the other. If this was intentional, convert the expression to 'unknown' first.
  Type 'Record<string, SQLOutputValue>' is missing the following properties from type 'Agent': id, name, role, department_id, and 7 more.
src/db/database.ts(530,16): error TS2352: Conversion of type 'Record<string, SQLOutputValue>' to type 'Project' may be a mistake because neither type sufficiently overlaps with the other. If this was intentional, convert the expression to 'unknown' first.
  Type 'Record<string, SQLOutputValue>' is missing the following properties from type 'Project': id, name, project_path, core_goal, and 2 more.
